PS C:\Users\AAQII\Desktop\portfolio\portfolio-website> git status
Your branch is up to date with 'origin/main'.

  (use "git add <file>..." to update what will be committed)
  (use "git restore <file>..." to discard changes in working directory)
        modified:   data/skills.json

no changes added to commit (use "git add" and/or "git commit -a")
warning: in the working copy of 'data/skills.json', LF will be replaced by CRLF the next time Git touches it
PS C:\Users\AAQII\Desktop\portfolio\portfolio-website> git add  skills.json
fatal: pathspec 'skills.json' did not match any files
PS C:\Users\AAQII\Desktop\portfolio\portfolio-website> git add  .data/skills.json
fatal: pathspec '.data/skills.json' did not match any files
PS C:\Users\AAQII\Desktop\portfolio\portfolio-website> git add  .
PS C:\Users\AAQII\Desktop\portfolio\portfolio-website> git status
On branch main
Your branch is up to date with 'origin/main'.

Changes to be committed:
  (use "git restore --staged <file>..." to unstage)
        modified:   data/skills.json

PS C:\Users\AAQII\Desktop\portfolio\portfolio-website> git commit -m ' changes'
[main 90ce0fc]  changes
 1 file changed, 1 insertion(+), 1 deletion(-)
PS C:\Users\AAQII\Desktop\portfolio\portfolio-website> git status
On branch main
Your branch is ahead of 'origin/main' by 1 commit.
  (use "git push" to publish your local commits)

nothing to commit, working tree clean
PS C:\Users\AAQII\Desktop\portfolio\portfolio-website> git push origin main
Enumerating objects: 7, done.
Counting objects: 100% (7/7), done.
Delta compression using up to 4 threads
Compressing objects: 100% (4/4), done.
Writing objects: 100% (4/4), 329 bytes | 329.00 KiB/s, done.
Total 4 (delta 3), reused 0 (delta 0), pack-reused 0 (from 0)
remote: Resolving deltas: 100% (3/3), completed with 3 local objects.
To https://github.com/Imtiyaz-Ibrahim-NOC/My_Portfolio.git
   ed12c40..90ce0fc  main -> main
PS C:\Users\AAQII\Desktop\portfolio\portfolio-website> 